src/components/CommandPalette.tsx(27,19): error TS2345: Argument of type '(prev: any) => boolean' is not assignable to parameter of type 'boolean'.
src/components/CommandPalette.tsx(27,20): error TS7006: Parameter 'prev' implicitly has an 'any' type.
src/components/sections/Hero.tsx(5,31): error TS2307: Cannot find module '../data/portfolio' or its corresponding type declarations.
src/components/sections/Hero.tsx(184,53): error TS7006: Parameter 'stat' implicitly has an 'any' type.
src/components/sections/Hero.tsx(184,59): error TS7006: Parameter 'i' implicitly has an 'any' type.
